Archive member included to satisfy reference by file (symbol)

/home/lakotamm/Ac6/SystemWorkbench/plugins/fr.ac6.mcu.externaltools.arm-none.linux64_1.15.0.201708311556/tools/compiler/bin/../lib/gcc/arm-none-eabi/6.3.1/thumb/v6-m/libgcc.a(_udivsi3.o)
                              Drivers/STM32L0xx_HAL_Driver/Src/stm32l0xx_ll_rcc.o (__aeabi_uidiv)
/home/lakotamm/Ac6/SystemWorkbench/plugins/fr.ac6.mcu.externaltools.arm-none.linux64_1.15.0.201708311556/tools/compiler/bin/../lib/gcc/arm-none-eabi/6.3.1/thumb/v6-m/libgcc.a(_dvmd_tls.o)
                              /home/lakotamm/Ac6/SystemWorkbench/plugins/fr.ac6.mcu.externaltools.arm-none.linux64_1.15.0.201708311556/tools/compiler/bin/../lib/gcc/arm-none-eabi/6.3.1/thumb/v6-m/libgcc.a(_udivsi3.o) (__aeabi_idiv0)
/home/lakotamm/Ac6/SystemWorkbench/plugins/fr.ac6.mcu.externaltools.arm-none.linux64_1.15.0.201708311556/tools/compiler/bin/../lib/gcc/arm-none-eabi/6.3.1/../../../../arm-none-eabi/lib/thumb/v6-m/libc_nano.a(lib_a-exit.o)
                              /home/lakotamm/Ac6/SystemWorkbench/plugins/fr.ac6.mcu.externaltools.arm-none.linux64_1.15.0.201708311556/tools/compiler/bin/../lib/gcc/arm-none-eabi/6.3.1/../../../../arm-none-eabi/lib/thumb/v6-m/crt0.o (exit)
/home/lakotamm/Ac6/SystemWorkbench/plugins/fr.ac6.mcu.externaltools.arm-none.linux64_1.15.0.201708311556/tools/compiler/bin/../lib/gcc/arm-none-eabi/6.3.1/../../../../arm-none-eabi/lib/thumb/v6-m/libc_nano.a(lib_a-impure.o)
                              /home/lakotamm/Ac6/SystemWorkbench/plugins/fr.ac6.mcu.externaltools.arm-none.linux64_1.15.0.201708311556/tools/compiler/bin/../lib/gcc/arm-none-eabi/6.3.1/../../../../arm-none-eabi/lib/thumb/v6-m/libc_nano.a(lib_a-exit.o) (_global_impure_ptr)
/home/lakotamm/Ac6/SystemWorkbench/plugins/fr.ac6.mcu.externaltools.arm-none.linux64_1.15.0.201708311556/tools/compiler/bin/../lib/gcc/arm-none-eabi/6.3.1/../../../../arm-none-eabi/lib/thumb/v6-m/libc_nano.a(lib_a-init.o)
                              /home/lakotamm/Ac6/SystemWorkbench/plugins/fr.ac6.mcu.externaltools.arm-none.linux64_1.15.0.201708311556/tools/compiler/bin/../lib/gcc/arm-none-eabi/6.3.1/../../../../arm-none-eabi/lib/thumb/v6-m/crt0.o (__libc_init_array)
/home/lakotamm/Ac6/SystemWorkbench/plugins/fr.ac6.mcu.externaltools.arm-none.linux64_1.15.0.201708311556/tools/compiler/bin/../lib/gcc/arm-none-eabi/6.3.1/../../../../arm-none-eabi/lib/thumb/v6-m/libc_nano.a(lib_a-memcpy-stub.o)
                              Middlewares/Third_Party/FreeRTOS/Source/queue.o (memcpy)
/home/lakotamm/Ac6/SystemWorkbench/plugins/fr.ac6.mcu.externaltools.arm-none.linux64_1.15.0.201708311556/tools/compiler/bin/../lib/gcc/arm-none-eabi/6.3.1/../../../../arm-none-eabi/lib/thumb/v6-m/libc_nano.a(lib_a-memset.o)
                              /home/lakotamm/Ac6/SystemWorkbench/plugins/fr.ac6.mcu.externaltools.arm-none.linux64_1.15.0.201708311556/tools/compiler/bin/../lib/gcc/arm-none-eabi/6.3.1/../../../../arm-none-eabi/lib/thumb/v6-m/crt0.o (memset)
/home/lakotamm/Ac6/SystemWorkbench/plugins/fr.ac6.mcu.externaltools.arm-none.linux64_1.15.0.201708311556/tools/compiler/bin/../lib/gcc/arm-none-eabi/6.3.1/../../../../arm-none-eabi/lib/thumb/v6-m/libnosys.a(_exit.o)
                              /home/lakotamm/Ac6/SystemWorkbench/plugins/fr.ac6.mcu.externaltools.arm-none.linux64_1.15.0.201708311556/tools/compiler/bin/../lib/gcc/arm-none-eabi/6.3.1/../../../../arm-none-eabi/lib/thumb/v6-m/libc_nano.a(lib_a-exit.o) (_exit)

Allocating common symbols
Common symbol       size              file

defaultTaskHandle   0x4               Src/freertos.o
xQueueRegistry      0x40              Middlewares/Third_Party/FreeRTOS/Source/queue.o
defaultTaskBuffer   0xc0              Src/freertos.o
defaultTaskControlBlock
                    0x50              Src/freertos.o

Discarded input sections

 .text          0x0000000000000000        0x0 /home/lakotamm/Ac6/SystemWorkbench/plugins/fr.ac6.mcu.externaltools.arm-none.linux64_1.15.0.201708311556/tools/compiler/bin/../lib/gcc/arm-none-eabi/6.3.1/thumb/v6-m/crti.o
 .data          0x0000000000000000        0x0 /home/lakotamm/Ac6/SystemWorkbench/plugins/fr.ac6.mcu.externaltools.arm-none.linux64_1.15.0.201708311556/tools/compiler/bin/../lib/gcc/arm-none-eabi/6.3.1/thumb/v6-m/crti.o
 .bss           0x0000000000000000        0x0 /home/lakotamm/Ac6/SystemWorkbench/plugins/fr.ac6.mcu.externaltools.arm-none.linux64_1.15.0.201708311556/tools/compiler/bin/../lib/gcc/arm-none-eabi/6.3.1/thumb/v6-m/crti.o
 .data          0x0000000000000000        0x4 /home/lakotamm/Ac6/SystemWorkbench/plugins/fr.ac6.mcu.externaltools.arm-none.linux64_1.15.0.201708311556/tools/compiler/bin/../lib/gcc/arm-none-eabi/6.3.1/thumb/v6-m/crtbegin.o
 .text          0x0000000000000000       0x78 /home/lakotamm/Ac6/SystemWorkbench/plugins/fr.ac6.mcu.externaltools.arm-none.linux64_1.15.0.201708311556/tools/compiler/bin/../lib/gcc/arm-none-eabi/6.3.1/../../../../arm-none-eabi/lib/thumb/v6-m/crt0.o
[...]
Memory Configuration

Name             Origin             Length             Attributes
RAM              0x0000000020000000 0x0000000000000800 xrw
FLASH            0x0000000008000000 0x0000000000004000 xr
*default*        0x0000000000000000 0xffffffffffffffff

Linker script and memory map

LOAD /home/lakotamm/Ac6/SystemWorkbench/plugins/fr.ac6.mcu.externaltools.arm-none.linux64_1.15.0.201708311556/tools/compiler/bin/../lib/gcc/arm-none-eabi/6.3.1/thumb/v6-m/crti.o
LOAD /home/lakotamm/Ac6/SystemWorkbench/plugins/fr.ac6.mcu.externaltools.arm-none.linux64_1.15.0.201708311556/tools/compiler/bin/../lib/gcc/arm-none-eabi/6.3.1/thumb/v6-m/crtbegin.o
LOAD /home/lakotamm/Ac6/SystemWorkbench/plugins/fr.ac6.mcu.externaltools.arm-none.linux64_1.15.0.201708311556/tools/compiler/bin/../lib/gcc/arm-none-eabi/6.3.1/../../../../arm-none-eabi/lib/thumb/v6-m/crt0.o
LOAD Drivers/STM32L0xx_HAL_Driver/Src/stm32l0xx_ll_adc.o
LOAD Drivers/STM32L0xx_HAL_Driver/Src/stm32l0xx_ll_dma.o
LOAD Drivers/STM32L0xx_HAL_Driver/Src/stm32l0xx_ll_exti.o
LOAD Drivers/STM32L0xx_HAL_Driver/Src/stm32l0xx_ll_gpio.o
LOAD Drivers/STM32L0xx_HAL_Driver/Src/stm32l0xx_ll_lptim.o
LOAD Drivers/STM32L0xx_HAL_Driver/Src/stm32l0xx_ll_pwr.o
LOAD Drivers/STM32L0xx_HAL_Driver/Src/stm32l0xx_ll_rcc.o
LOAD Drivers/STM32L0xx_HAL_Driver/Src/stm32l0xx_ll_tim.o
LOAD Drivers/STM32L0xx_HAL_Driver/Src/stm32l0xx_ll_usart.o
LOAD Drivers/STM32L0xx_HAL_Driver/Src/stm32l0xx_ll_utils.o
LOAD Middlewares/Third_Party/FreeRTOS/Source/CMSIS_RTOS/cmsis_os.o
LOAD Middlewares/Third_Party/FreeRTOS/Source/croutine.o
LOAD Middlewares/Third_Party/FreeRTOS/Source/event_groups.o
LOAD Middlewares/Third_Party/FreeRTOS/Source/list.o
LOAD Middlewares/Third_Party/FreeRTOS/Source/queue.o
LOAD Middlewares/Third_Party/FreeRTOS/Source/tasks.o
LOAD Middlewares/Third_Party/FreeRTOS/Source/timers.o
LOAD Middlewares/Third_Party/FreeRTOS/Source/portable/GCC/ARM_CM0/port.o
LOAD Src/adc.o
LOAD Src/dma.o
LOAD Src/freertos.o
LOAD Src/gpio.o
LOAD Src/iwdg.o
LOAD Src/lptim.o
LOAD Src/main.o
LOAD Src/stm32l0xx_it.o
LOAD Src/system_stm32l0xx.o
LOAD Src/tim.o
LOAD Src/usart.o
LOAD Src/wwdg.o
LOAD startup/startup_stm32l011xx.o
LOAD /home/lakotamm/Ac6/SystemWorkbench/plugins/fr.ac6.mcu.externaltools.arm-none.linux64_1.15.0.201708311556/tools/compiler/bin/../lib/gcc/arm-none-eabi/6.3.1/../../../../arm-none-eabi/lib/thumb/v6-m/libm.a
START GROUP
LOAD /home/lakotamm/Ac6/SystemWorkbench/plugins/fr.ac6.mcu.externaltools.arm-none.linux64_1.15.0.201708311556/tools/compiler/bin/../lib/gcc/arm-none-eabi/6.3.1/thumb/v6-m/libgcc.a
LOAD /home/lakotamm/Ac6/SystemWorkbench/plugins/fr.ac6.mcu.externaltools.arm-none.linux64_1.15.0.201708311556/tools/compiler/bin/../lib/gcc/arm-none-eabi/6.3.1/../../../../arm-none-eabi/lib/thumb/v6-m/libc_nano.a
END GROUP
START GROUP
LOAD /home/lakotamm/Ac6/SystemWorkbench/plugins/fr.ac6.mcu.externaltools.arm-none.linux64_1.15.0.201708311556/tools/compiler/bin/../lib/gcc/arm-none-eabi/6.3.1/thumb/v6-m/libgcc.a
LOAD /home/lakotamm/Ac6/SystemWorkbench/plugins/fr.ac6.mcu.externaltools.arm-none.linux64_1.15.0.201708311556/tools/compiler/bin/../lib/gcc/arm-none-eabi/6.3.1/../../../../arm-none-eabi/lib/thumb/v6-m/libc_nano.a
LOAD /home/lakotamm/Ac6/SystemWorkbench/plugins/fr.ac6.mcu.externaltools.arm-none.linux64_1.15.0.201708311556/tools/compiler/bin/../lib/gcc/arm-none-eabi/6.3.1/../../../../arm-none-eabi/lib/thumb/v6-m/libnosys.a
END GROUP
START GROUP
LOAD /home/lakotamm/Ac6/SystemWorkbench/plugins/fr.ac6.mcu.externaltools.arm-none.linux64_1.15.0.201708311556/tools/compiler/bin/../lib/gcc/arm-none-eabi/6.3.1/thumb/v6-m/libgcc.a
LOAD /home/lakotamm/Ac6/SystemWorkbench/plugins/fr.ac6.mcu.externaltools.arm-none.linux64_1.15.0.201708311556/tools/compiler/bin/../lib/gcc/arm-none-eabi/6.3.1/../../../../arm-none-eabi/lib/thumb/v6-m/libc_nano.a
LOAD /home/lakotamm/Ac6/SystemWorkbench/plugins/fr.ac6.mcu.externaltools.arm-none.linux64_1.15.0.201708311556/tools/compiler/bin/../lib/gcc/arm-none-eabi/6.3.1/../../../../arm-none-eabi/lib/thumb/v6-m/libnosys.a
END GROUP
LOAD /home/lakotamm/Ac6/SystemWorkbench/plugins/fr.ac6.mcu.externaltools.arm-none.linux64_1.15.0.201708311556/tools/compiler/bin/../lib/gcc/arm-none-eabi/6.3.1/thumb/v6-m/crtend.o
LOAD /home/lakotamm/Ac6/SystemWorkbench/plugins/fr.ac6.mcu.externaltools.arm-none.linux64_1.15.0.201708311556/tools/compiler/bin/../lib/gcc/arm-none-eabi/6.3.1/thumb/v6-m/crtn.o
                0x0000000020000800                _estack = 0x20000800
                0x0000000000000000                _Min_Heap_Size = 0x0
                0x0000000000000100                _Min_Stack_Size = 0x100

.isr_vector     0x0000000008000000       0xc0
                0x0000000008000000                . = ALIGN (0x4)
 *(.isr_vector)
 .isr_vector    0x0000000008000000       0xc0 startup/startup_stm32l011xx.o
                0x0000000008000000                g_pfnVectors
                0x00000000080000c0                . = ALIGN (0x4)

.text           0x00000000080000c0     0x18f0
                0x00000000080000c0                . = ALIGN (0x4)
 *(.text)
 .text          0x00000000080000c0       0x60 /home/lakotamm/Ac6/SystemWorkbench/plugins/fr.ac6.mcu.externaltools.arm-none.linux64_1.15.0.201708311556/tools/compiler/bin/../lib/gcc/arm-none-eabi/6.3.1/thumb/v6-m/crtbegin.o
 .text          0x0000000008000120      0x114 /home/lakotamm/Ac6/SystemWorkbench/plugins/fr.ac6.mcu.externaltools.arm-none.linux64_1.15.0.201708311556/tools/compiler/bin/../lib/gcc/arm-none-eabi/6.3.1/thumb/v6-m/libgcc.a(_udivsi3.o)
                0x0000000008000120                __udivsi3
                0x0000000008000120                __aeabi_uidiv
                0x000000000800022c                __aeabi_uidivmod
 .text          0x0000000008000234        0x4 /home/lakotamm/Ac6/SystemWorkbench/plugins/fr.ac6.mcu.externaltools.arm-none.linux64_1.15.0.201708311556/tools/compiler/bin/../lib/gcc/arm-none-eabi/6.3.1/thumb/v6-m/libgcc.a(_dvmd_tls.o)
                0x0000000008000234                __aeabi_ldiv0
                0x0000000008000234                __aeabi_idiv0
 *(.text*)
 .text.LL_ADC_Init
                0x0000000008000238       0x28 Drivers/STM32L0xx_HAL_Driver/Src/stm32l0xx_ll_adc.o
                0x0000000008000238                LL_ADC_Init
 .text.LL_ADC_REG_Init
                0x0000000008000260       0x30 Drivers/STM32L0xx_HAL_Driver/Src/stm32l0xx_ll_adc.o
                0x0000000008000260                LL_ADC_REG_Init
 .text.LL_GPIO_Init
                0x0000000008000290       0xa4 Drivers/STM32L0xx_HAL_Driver/Src/stm32l0xx_ll_gpio.o
                0x0000000008000290                LL_GPIO_Init
 .text.RCC_GetHCLKClockFreq
                0x0000000008000334       0x1c Drivers/STM32L0xx_HAL_Driver/Src/stm32l0xx_ll_rcc.o
                0x0000000008000334                RCC_GetHCLKClockFreq
 .text.RCC_GetPCLK1ClockFreq
                0x0000000008000350       0x1c Drivers/STM32L0xx_HAL_Driver/Src/stm32l0xx_ll_rcc.o
                0x0000000008000350                RCC_GetPCLK1ClockFreq
 .text.RCC_PLL_GetFreqDomain_SYS
                0x000000000800036c       0x48 Drivers/STM32L0xx_HAL_Driver/Src/stm32l0xx_ll_rcc.o
                0x000000000800036c                RCC_PLL_GetFreqDomain_SYS
 .text.RCC_GetSystemClockFreq
                0x00000000080003b4       0x60 Drivers/STM32L0xx_HAL_Driver/Src/stm32l0xx_ll_rcc.o
                0x00000000080003b4                RCC_GetSystemClockFreq
 .text.LL_RCC_GetUSARTClockFreq
                0x0000000008000414       0x70 Drivers/STM32L0xx_HAL_Driver/Src/stm32l0xx_ll_rcc.o
                0x0000000008000414                LL_RCC_GetUSARTClockFreq
 .text.OC1Config
                0x0000000008000484       0x34 Drivers/STM32L0xx_HAL_Driver/Src/stm32l0xx_ll_tim.o
 .text.OC2Config
                0x00000000080004b8       0x40 Drivers/STM32L0xx_HAL_Driver/Src/stm32l0xx_ll_tim.o
 .text.OC3Config
                0x00000000080004f8       0x40 Drivers/STM32L0xx_HAL_Driver/Src/stm32l0xx_ll_tim.o
 .text.OC4Config
                0x0000000008000538       0x48 Drivers/STM32L0xx_HAL_Driver/Src/stm32l0xx_ll_tim.o
 .text.LL_TIM_Init
                0x0000000008000580       0x50 Drivers/STM32L0xx_HAL_Driver/Src/stm32l0xx_ll_tim.o
                0x0000000008000580                LL_TIM_Init
 .text.LL_TIM_OC_Init
                0x00000000080005d0       0x40 Drivers/STM32L0xx_HAL_Driver/Src/stm32l0xx_ll_tim.o
                0x00000000080005d0                LL_TIM_OC_Init
 .text.LL_USART_Init
                0x0000000008000610       0xb0 Drivers/STM32L0xx_HAL_Driver/Src/stm32l0xx_ll_usart.o
                0x0000000008000610                LL_USART_Init
 .text.LL_Init1msTick
                0x00000000080006c0       0x20 Drivers/STM32L0xx_HAL_Driver/Src/stm32l0xx_ll_utils.o
                0x00000000080006c0                LL_Init1msTick
 .text.LL_SetSystemCoreClock
                0x00000000080006e0        0xc Drivers/STM32L0xx_HAL_Driver/Src/stm32l0xx_ll_utils.o
                0x00000000080006e0                LL_SetSystemCoreClock
 .text.makeFreeRtosPriority
                0x00000000080006ec        0xc Middlewares/Third_Party/FreeRTOS/Source/CMSIS_RTOS/cmsis_os.o
 .text.osKernelStart
                0x00000000080006f8        0xa Middlewares/Third_Party/FreeRTOS/Source/CMSIS_RTOS/cmsis_os.o
                0x00000000080006f8                osKernelStart
 .text.osThreadCreate
                0x0000000008000702       0x30 Middlewares/Third_Party/FreeRTOS/Source/CMSIS_RTOS/cmsis_os.o
                0x0000000008000702                osThreadCreate
 .text.osDelay  0x0000000008000732       0x10 Middlewares/Third_Party/FreeRTOS/Source/CMSIS_RTOS/cmsis_os.o
                0x0000000008000732                osDelay
 .text.osSystickHandler
                0x0000000008000742       0x10 Middlewares/Third_Party/FreeRTOS/Source/CMSIS_RTOS/cmsis_os.o
                0x0000000008000742                osSystickHandler
 .text.vListInitialise
                0x0000000008000752       0x16 Middlewares/Third_Party/FreeRTOS/Source/list.o
                0x0000000008000752                vListInitialise
 .text.vListInitialiseItem
                0x0000000008000768        0x6 Middlewares/Third_Party/FreeRTOS/Source/list.o
                0x0000000008000768                vListInitialiseItem
 .text.vListInsertEnd
                0x000000000800076e       0x18 Middlewares/Third_Party/FreeRTOS/Source/list.o
                0x000000000800076e                vListInsertEnd
 .text.vListInsert
                0x0000000008000786       0x30 Middlewares/Third_Party/FreeRTOS/Source/list.o
                0x0000000008000786                vListInsert
 .text.uxListRemove
                0x00000000080007b6       0x26 Middlewares/Third_Party/FreeRTOS/Source/list.o
                0x00000000080007b6                uxListRemove
 .text.prvGetExpectedIdleTime
                0x00000000080007dc       0x44 Middlewares/Third_Party/FreeRTOS/Source/tasks.o
 .text.prvResetNextTaskUnblockTime
                0x0000000008000820       0x30 Middlewares/Third_Party/FreeRTOS/Source/tasks.o
 .text.prvInitialiseNewTask
                0x0000000008000850       0x88 Middlewares/Third_Party/FreeRTOS/Source/tasks.o
 .text.prvInitialiseTaskLists
                0x00000000080008d8       0x60 Middlewares/Third_Party/FreeRTOS/Source/tasks.o
 .text.prvAddNewTaskToReadyList
                0x0000000008000938       0x90 Middlewares/Third_Party/FreeRTOS/Source/tasks.o
 .text.prvAddCurrentTaskToDelayedList
                0x00000000080009c8       0x6c Middlewares/Third_Party/FreeRTOS/Source/tasks.o
 .text.xTaskCreateStatic
                0x0000000008000a34       0x38 Middlewares/Third_Party/FreeRTOS/Source/tasks.o
                0x0000000008000a34                xTaskCreateStatic
 .text.vTaskStartScheduler
                0x0000000008000a6c       0x70 Middlewares/Third_Party/FreeRTOS/Source/tasks.o
                0x0000000008000a6c                vTaskStartScheduler
 .text.vTaskSuspendAll
                0x0000000008000adc       0x10 Middlewares/Third_Party/FreeRTOS/Source/tasks.o
                0x0000000008000adc                vTaskSuspendAll
 .text.vTaskStepTick
                0x0000000008000aec       0x20 Middlewares/Third_Party/FreeRTOS/Source/tasks.o
                0x0000000008000aec                vTaskStepTick
 .text.xTaskIncrementTick
                0x0000000008000b0c      0x100 Middlewares/Third_Party/FreeRTOS/Source/tasks.o
                0x0000000008000b0c                xTaskIncrementTick
 .text.xTaskResumeAll
                0x0000000008000c0c       0xd4 Middlewares/Third_Party/FreeRTOS/Source/tasks.o
                0x0000000008000c0c                xTaskResumeAll
 .text.vTaskDelay
                0x0000000008000ce0       0x34 Middlewares/Third_Party/FreeRTOS/Source/tasks.o
                0x0000000008000ce0                vTaskDelay
 .text.prvCheckTasksWaitingTermination
                0x0000000008000d14       0x48 Middlewares/Third_Party/FreeRTOS/Source/tasks.o
 .text.prvIdleTask
                0x0000000008000d5c       0x4c Middlewares/Third_Party/FreeRTOS/Source/tasks.o
 .text.vTaskSwitchContext
                0x0000000008000da8       0x80 Middlewares/Third_Party/FreeRTOS/Source/tasks.o
                0x0000000008000da8                vTaskSwitchContext
 .text.eTaskConfirmSleepModeStatus
                0x0000000008000e28       0x38 Middlewares/Third_Party/FreeRTOS/Source/tasks.o
                0x0000000008000e28                eTaskConfirmSleepModeStatus
 .text.xTaskGetSchedulerState
                0x0000000008000e60       0x20 Middlewares/Third_Party/FreeRTOS/Source/tasks.o
                0x0000000008000e60                xTaskGetSchedulerState
 .text.prvTaskExitError
                0x0000000008000e80       0x14 Middlewares/Third_Party/FreeRTOS/Source/portable/GCC/ARM_CM0/port.o
 *fill*         0x0000000008000e94        0xc 
 .text.vPortStartFirstTask
                0x0000000008000ea0       0x34 Middlewares/Third_Party/FreeRTOS/Source/portable/GCC/ARM_CM0/port.o
 .text.pxPortInitialiseStack
                0x0000000008000ed4       0x20 Middlewares/Third_Party/FreeRTOS/Source/portable/GCC/ARM_CM0/port.o
                0x0000000008000ed4                pxPortInitialiseStack
 .text.SVC_Handler
                0x0000000008000ef4        0x2 Middlewares/Third_Party/FreeRTOS/Source/portable/GCC/ARM_CM0/port.o
                0x0000000008000ef4                SVC_Handler
 *fill*         0x0000000008000ef6        0x2 
 .text.vPortYield
                0x0000000008000ef8       0x18 Middlewares/Third_Party/FreeRTOS/Source/portable/GCC/ARM_CM0/port.o
                0x0000000008000ef8                vPortYield
 .text.vPortEnterCritical
                0x0000000008000f10       0x18 Middlewares/Third_Party/FreeRTOS/Source/portable/GCC/ARM_CM0/port.o
                0x0000000008000f10                vPortEnterCritical
 .text.vPortExitCritical
                0x0000000008000f28       0x20 Middlewares/Third_Party/FreeRTOS/Source/portable/GCC/ARM_CM0/port.o
                0x0000000008000f28                vPortExitCritical
 .text.ulSetInterruptMaskFromISR
                0x0000000008000f48        0xa Middlewares/Third_Party/FreeRTOS/Source/portable/GCC/ARM_CM0/port.o
                0x0000000008000f48                ulSetInterruptMaskFromISR
 .text.vClearInterruptMaskFromISR
                0x0000000008000f52        0x6 Middlewares/Third_Party/FreeRTOS/Source/portable/GCC/ARM_CM0/port.o
                0x0000000008000f52                vClearInterruptMaskFromISR
 *fill*         0x0000000008000f58        0x8 
 .text.PendSV_Handler
                0x0000000008000f60       0x44 Middlewares/Third_Party/FreeRTOS/Source/portable/GCC/ARM_CM0/port.o
                0x0000000008000f60                PendSV_Handler
 .text.xPortSysTickHandler
                0x0000000008000fa4       0x24 Middlewares/Third_Party/FreeRTOS/Source/portable/GCC/ARM_CM0/port.o
                0x0000000008000fa4                xPortSysTickHandler
 .text.vPortSuppressTicksAndSleep
                0x0000000008000fc8      0x124 Middlewares/Third_Party/FreeRTOS/Source/portable/GCC/ARM_CM0/port.o
                0x0000000008000fc8                vPortSuppressTicksAndSleep
 .text.vPortSetupTimerInterrupt
                0x00000000080010ec       0x54 Middlewares/Third_Party/FreeRTOS/Source/portable/GCC/ARM_CM0/port.o
                0x00000000080010ec                vPortSetupTimerInterrupt
 .text.xPortStartScheduler
                0x0000000008001140       0x34 Middlewares/Third_Party/FreeRTOS/Source/portable/GCC/ARM_CM0/port.o
                0x0000000008001140                xPortStartScheduler
 .text.MX_ADC_Init
                0x0000000008001174      0x1b4 Src/adc.o
                0x0000000008001174                MX_ADC_Init
 .text.MX_DMA_Init
                0x0000000008001328       0x40 Src/dma.o
                0x0000000008001328                MX_DMA_Init
 .text.StartDefaultTask
                0x0000000008001368        0xa Src/freertos.o
                0x0000000008001368                StartDefaultTask
 .text.PreSleepProcessing
                0x0000000008001372        0x2 Src/freertos.o
                0x0000000008001372                PreSleepProcessing
 .text.PostSleepProcessing
                0x0000000008001374        0x2 Src/freertos.o
                0x0000000008001374                PostSleepProcessing
 *fill*         0x0000000008001376        0x2 
 .text.vApplicationGetIdleTaskMemory
                0x0000000008001378       0x14 Src/freertos.o
                0x0000000008001378                vApplicationGetIdleTaskMemory
 .text.MX_FREERTOS_Init
                0x000000000800138c       0x30 Src/freertos.o
                0x000000000800138c                MX_FREERTOS_Init
 .text.MX_GPIO_Init
                0x00000000080013bc       0x9c Src/gpio.o
                0x00000000080013bc                MX_GPIO_Init
 .text.MX_IWDG_Init
                0x0000000008001458       0x38 Src/iwdg.o
                0x0000000008001458                MX_IWDG_Init
 .text.MX_LPTIM1_Init
                0x0000000008001490       0x88 Src/lptim.o
                0x0000000008001490                MX_LPTIM1_Init
 .text.LL_Init  0x0000000008001518       0x5c Src/main.o
 .text._Error_Handler
                0x0000000008001574        0x2 Src/main.o
                0x0000000008001574                _Error_Handler
 *fill*         0x0000000008001576        0x2 
 .text.SystemClock_Config
                0x0000000008001578      0x120 Src/main.o
                0x0000000008001578                SystemClock_Config
 .text.main     0x0000000008001698       0x34 Src/main.o
                0x0000000008001698                main
 .text.NMI_Handler
                0x00000000080016cc        0x2 Src/stm32l0xx_it.o
                0x00000000080016cc                NMI_Handler
 .text.HardFault_Handler
                0x00000000080016ce        0x2 Src/stm32l0xx_it.o
                0x00000000080016ce                HardFault_Handler
 .text.SysTick_Handler
                0x00000000080016d0        0x8 Src/stm32l0xx_it.o
                0x00000000080016d0                SysTick_Handler
 .text.DMA1_Channel1_IRQHandler
                0x00000000080016d8        0x2 Src/stm32l0xx_it.o
                0x00000000080016d8                DMA1_Channel1_IRQHandler
 .text.ADC1_COMP_IRQHandler
                0x00000000080016da        0x2 Src/stm32l0xx_it.o
                0x00000000080016da                ADC1_COMP_IRQHandler
 .text.SystemInit
                0x00000000080016dc       0x5c Src/system_stm32l0xx.o
                0x00000000080016dc                SystemInit
 .text.MX_TIM2_Init
                0x0000000008001738       0xa0 Src/tim.o
                0x0000000008001738                MX_TIM2_Init
 .text.MX_USART2_UART_Init
                0x00000000080017d8       0xa4 Src/usart.o
                0x00000000080017d8                MX_USART2_UART_Init
 .text.MX_WWDG_Init
                0x000000000800187c       0x50 Src/wwdg.o
                0x000000000800187c                MX_WWDG_Init
 .text.Reset_Handler
                0x00000000080018cc       0x80 startup/startup_stm32l011xx.o
                0x00000000080018cc                Reset_Handler
 .text.Default_Handler
                0x000000000800194c        0x2 startup/startup_stm32l011xx.o
                0x000000000800194c                PVD_IRQHandler
                0x000000000800194c                I2C1_IRQHandler
                0x000000000800194c                SPI1_IRQHandler
                0x000000000800194c                EXTI2_3_IRQHandler
                0x000000000800194c                RTC_IRQHandler
                0x000000000800194c                DMA1_Channel4_5_6_7_IRQHandler
                0x000000000800194c                EXTI4_15_IRQHandler
                0x000000000800194c                RCC_IRQHandler
                0x000000000800194c                Default_Handler
                0x000000000800194c                EXTI0_1_IRQHandler
                0x000000000800194c                TIM21_IRQHandler
                0x000000000800194c                WWDG_IRQHandler
                0x000000000800194c                LPUART1_IRQHandler
                0x000000000800194c                TIM2_IRQHandler
                0x000000000800194c                DMA1_Channel2_3_IRQHandler
                0x000000000800194c                USART2_IRQHandler
                0x000000000800194c                FLASH_IRQHandler
                0x000000000800194c                LPTIM1_IRQHandler
 *fill*         0x000000000800194e        0x2 
 .text.__libc_init_array
                0x0000000008001950       0x48 /home/lakotamm/Ac6/SystemWorkbench/plugins/fr.ac6.mcu.externaltools.arm-none.linux64_1.15.0.201708311556/tools/compiler/bin/../lib/gcc/arm-none-eabi/6.3.1/../../../../arm-none-eabi/lib/thumb/v6-m/libc_nano.a(lib_a-init.o)
                0x0000000008001950                __libc_init_array
 *(.glue_7)
 .glue_7        0x0000000008001998        0x0 linker stubs
 *(.glue_7t)
 .glue_7t       0x0000000008001998        0x0 linker stubs
 *(.eh_frame)
 .eh_frame      0x0000000008001998        0x0 /home/lakotamm/Ac6/SystemWorkbench/plugins/fr.ac6.mcu.externaltools.arm-none.linux64_1.15.0.201708311556/tools/compiler/bin/../lib/gcc/arm-none-eabi/6.3.1/thumb/v6-m/crtbegin.o
 *(.init)
 .init          0x0000000008001998        0x4 /home/lakotamm/Ac6/SystemWorkbench/plugins/fr.ac6.mcu.externaltools.arm-none.linux64_1.15.0.201708311556/tools/compiler/bin/../lib/gcc/arm-none-eabi/6.3.1/thumb/v6-m/crti.o
                0x0000000008001998                _init
 .init          0x000000000800199c        0x8 /home/lakotamm/Ac6/SystemWorkbench/plugins/fr.ac6.mcu.externaltools.arm-none.linux64_1.15.0.201708311556/tools/compiler/bin/../lib/gcc/arm-none-eabi/6.3.1/thumb/v6-m/crtn.o
 *(.fini)
 .fini          0x00000000080019a4        0x4 /home/lakotamm/Ac6/SystemWorkbench/plugins/fr.ac6.mcu.externaltools.arm-none.linux64_1.15.0.201708311556/tools/compiler/bin/../lib/gcc/arm-none-eabi/6.3.1/thumb/v6-m/crti.o
                0x00000000080019a4                _fini
 .fini          0x00000000080019a8        0x8 /home/lakotamm/Ac6/SystemWorkbench/plugins/fr.ac6.mcu.externaltools.arm-none.linux64_1.15.0.201708311556/tools/compiler/bin/../lib/gcc/arm-none-eabi/6.3.1/thumb/v6-m/crtn.o
                0x00000000080019b0                . = ALIGN (0x4)
                0x00000000080019b0                _etext = .

.vfp11_veneer   0x00000000080019b0        0x0
 .vfp11_veneer  0x00000000080019b0        0x0 linker stubs

.v4_bx          0x00000000080019b0        0x0
 .v4_bx         0x00000000080019b0        0x0 linker stubs

.iplt           0x00000000080019b0        0x0
 .iplt          0x00000000080019b0        0x0 /home/lakotamm/Ac6/SystemWorkbench/plugins/fr.ac6.mcu.externaltools.arm-none.linux64_1.15.0.201708311556/tools/compiler/bin/../lib/gcc/arm-none-eabi/6.3.1/thumb/v6-m/crtbegin.o

.rodata         0x00000000080019b0       0x64
                0x00000000080019b0                . = ALIGN (0x4)
 *(.rodata)
 .rodata        0x00000000080019b0       0x1c Src/freertos.o
 .rodata        0x00000000080019cc       0x24 Src/system_stm32l0xx.o
                0x00000000080019cc                PLLMulTable
                0x00000000080019d8                AHBPrescTable
                0x00000000080019e8                APBPrescTable
 *(.rodata*)
 .rodata.str1.4
                0x00000000080019f0        0x5 Middlewares/Third_Party/FreeRTOS/Source/tasks.o
 *fill*         0x00000000080019f5        0x3 
 .rodata.str1.4
                0x00000000080019f8        0xc Src/freertos.o
 .rodata.str1.4
                0x0000000008001a04       0x10 Src/main.o
                                          0xe (size before relaxing)
                0x0000000008001a14                . = ALIGN (0x4)

.rel.dyn        0x0000000008001a14        0x0
 .rel.iplt      0x0000000008001a14        0x0 /home/lakotamm/Ac6/SystemWorkbench/plugins/fr.ac6.mcu.externaltools.arm-none.linux64_1.15.0.201708311556/tools/compiler/bin/../lib/gcc/arm-none-eabi/6.3.1/thumb/v6-m/crtbegin.o

.ARM.extab
 *(.ARM.extab* .gnu.linkonce.armextab.*)

.ARM            0x0000000008001a14        0x0
                0x0000000008001a14                __exidx_start = .
 *(.ARM.exidx*)
                0x0000000008001a14                __exidx_end = .

.preinit_array  0x0000000008001a14        0x0
                0x0000000008001a14                PROVIDE (__preinit_array_start, .)
 *(.preinit_array*)
                0x0000000008001a14                PROVIDE (__preinit_array_end, .)

.init_array     0x0000000008001a14        0x4
                0x0000000008001a14                PROVIDE (__init_array_start, .)
 *(SORT(.init_array.*))
 *(.init_array*)
 .init_array    0x0000000008001a14        0x4 /home/lakotamm/Ac6/SystemWorkbench/plugins/fr.ac6.mcu.externaltools.arm-none.linux64_1.15.0.201708311556/tools/compiler/bin/../lib/gcc/arm-none-eabi/6.3.1/thumb/v6-m/crtbegin.o
                0x0000000008001a18                PROVIDE (__init_array_end, .)

.fini_array     0x0000000008001a18        0x4
                [!provide]                        PROVIDE (__fini_array_start, .)
 *(SORT(.fini_array.*))
 *(.fini_array*)
 .fini_array    0x0000000008001a18        0x4 /home/lakotamm/Ac6/SystemWorkbench/plugins/fr.ac6.mcu.externaltools.arm-none.linux64_1.15.0.201708311556/tools/compiler/bin/../lib/gcc/arm-none-eabi/6.3.1/thumb/v6-m/crtbegin.o
                [!provide]                        PROVIDE (__fini_array_end, .)
                0x0000000008001a1c                _sidata = LOADADDR (.data)

.data           0x0000000020000000        0x8 load address 0x0000000008001a1c
                0x0000000020000000                . = ALIGN (0x4)
                0x0000000020000000                _sdata = .
 *(.data)
 .data          0x0000000020000000        0x4 Middlewares/Third_Party/FreeRTOS/Source/portable/GCC/ARM_CM0/port.o
 .data          0x0000000020000004        0x4 Src/system_stm32l0xx.o
                0x0000000020000004                SystemCoreClock
 *(.data*)
                0x0000000020000008                . = ALIGN (0x4)
                0x0000000020000008                _edata = .

.jcr            0x0000000020000008        0x0 load address 0x0000000008001a24
 .jcr           0x0000000020000008        0x0 /home/lakotamm/Ac6/SystemWorkbench/plugins/fr.ac6.mcu.externaltools.arm-none.linux64_1.15.0.201708311556/tools/compiler/bin/../lib/gcc/arm-none-eabi/6.3.1/thumb/v6-m/crtbegin.o

.igot.plt       0x0000000020000008        0x0 load address 0x0000000008001a24
 .igot.plt      0x0000000020000008        0x0 /home/lakotamm/Ac6/SystemWorkbench/plugins/fr.ac6.mcu.externaltools.arm-none.linux64_1.15.0.201708311556/tools/compiler/bin/../lib/gcc/arm-none-eabi/6.3.1/thumb/v6-m/crtbegin.o
                0x0000000020000008                . = ALIGN (0x4)

.bss            0x0000000020000008      0x374 load address 0x0000000008001a24
                0x0000000020000008                _sbss = .
                0x0000000020000008                __bss_start__ = _sbss
 *(.bss)
 .bss           0x0000000020000008       0x1c /home/lakotamm/Ac6/SystemWorkbench/plugins/fr.ac6.mcu.externaltools.arm-none.linux64_1.15.0.201708311556/tools/compiler/bin/../lib/gcc/arm-none-eabi/6.3.1/thumb/v6-m/crtbegin.o
 .bss           0x0000000020000024      0x128 Middlewares/Third_Party/FreeRTOS/Source/tasks.o
                0x0000000020000050                pxCurrentTCB
 .bss           0x000000002000014c        0xc Middlewares/Third_Party/FreeRTOS/Source/portable/GCC/ARM_CM0/port.o
 .bss           0x0000000020000158      0x110 Src/freertos.o
 *(.bss*)
 *(COMMON)
 COMMON         0x0000000020000268      0x114 Src/freertos.o
                0x0000000020000268                defaultTaskHandle
                0x000000002000026c                defaultTaskBuffer
                0x000000002000032c                defaultTaskControlBlock
                0x000000002000037c                . = ALIGN (0x4)
                0x000000002000037c                _ebss = .
                0x000000002000037c                __bss_end__ = _ebss

._user_heap_stack
                0x000000002000037c      0x104 load address 0x0000000008001a24
                0x0000000020000380                . = ALIGN (0x8)
 *fill*         0x000000002000037c        0x4 
                [!provide]                        PROVIDE (end, .)
                [!provide]                        PROVIDE (_end, .)
                0x0000000020000380                . = (. + _Min_Heap_Size)
                0x0000000020000480                . = (. + _Min_Stack_Size)
 *fill*         0x0000000020000380      0x100 
                0x0000000020000480                . = ALIGN (0x8)

/DISCARD/
 libc.a(*)
 libm.a(*)
 libgcc.a(*)

.ARM.attributes
                0x0000000000000000       0x28
 *(.ARM.attributes)
 .ARM.attributes
                0x0000000000000000       0x1e /home/lakotamm/Ac6/SystemWorkbench/plugins/fr.ac6.mcu.externaltools.arm-none.linux64_1.15.0.201708311556/tools/compiler/bin/../lib/gcc/arm-none-eabi/6.3.1/thumb/v6-m/crti.o
 .ARM.attributes
                0x000000000000001e       0x2c /home/lakotamm/Ac6/SystemWorkbench/plugins/fr.ac6.mcu.externaltools.arm-none.linux64_1.15.0.201708311556/tools/compiler/bin/../lib/gcc/arm-none-eabi/6.3.1/thumb/v6-m/crtbegin.o
 .ARM.attributes
                0x000000000000004a       0x32 Drivers/STM32L0xx_HAL_Driver/Src/stm32l0xx_ll_adc.o
 .ARM.attributes
                0x000000000000007c       0x32 Drivers/STM32L0xx_HAL_Driver/Src/stm32l0xx_ll_gpio.o
 .ARM.attributes
                0x00000000000000ae       0x32 Drivers/STM32L0xx_HAL_Driver/Src/stm32l0xx_ll_rcc.o
 .ARM.attributes
                0x00000000000000e0       0x32 Drivers/STM32L0xx_HAL_Driver/Src/stm32l0xx_ll_tim.o
 .ARM.attributes
                0x0000000000000112       0x32 Drivers/STM32L0xx_HAL_Driver/Src/stm32l0xx_ll_usart.o
 .ARM.attributes
                0x0000000000000144       0x32 Drivers/STM32L0xx_HAL_Driver/Src/stm32l0xx_ll_utils.o
 .ARM.attributes
                0x0000000000000176       0x32 Middlewares/Third_Party/FreeRTOS/Source/CMSIS_RTOS/cmsis_os.o
 .ARM.attributes
                0x00000000000001a8       0x32 Middlewares/Third_Party/FreeRTOS/Source/list.o
 .ARM.attributes
                0x00000000000001da       0x32 Middlewares/Third_Party/FreeRTOS/Source/tasks.o
 .ARM.attributes
                0x000000000000020c       0x32 Middlewares/Third_Party/FreeRTOS/Source/portable/GCC/ARM_CM0/port.o
 .ARM.attributes
                0x000000000000023e       0x32 Src/adc.o
 .ARM.attributes
                0x0000000000000270       0x32 Src/dma.o
 .ARM.attributes
                0x00000000000002a2       0x32 Src/freertos.o
 .ARM.attributes
                0x00000000000002d4       0x32 Src/gpio.o
 .ARM.attributes
                0x0000000000000306       0x32 Src/iwdg.o
 .ARM.attributes
                0x0000000000000338       0x32 Src/lptim.o
 .ARM.attributes
                0x000000000000036a       0x32 Src/main.o
 .ARM.attributes
                0x000000000000039c       0x32 Src/stm32l0xx_it.o
 .ARM.attributes
                0x00000000000003ce       0x32 Src/system_stm32l0xx.o
 .ARM.attributes
                0x0000000000000400       0x32 Src/tim.o
 .ARM.attributes
                0x0000000000000432       0x32 Src/usart.o
 .ARM.attributes
                0x0000000000000464       0x32 Src/wwdg.o
 .ARM.attributes
                0x0000000000000496       0x22 startup/startup_stm32l011xx.o
 .ARM.attributes
                0x00000000000004b8       0x1e /home/lakotamm/Ac6/SystemWorkbench/plugins/fr.ac6.mcu.externaltools.arm-none.linux64_1.15.0.201708311556/tools/compiler/bin/../lib/gcc/arm-none-eabi/6.3.1/thumb/v6-m/libgcc.a(_udivsi3.o)
 .ARM.attributes
                0x00000000000004d6       0x1e /home/lakotamm/Ac6/SystemWorkbench/plugins/fr.ac6.mcu.externaltools.arm-none.linux64_1.15.0.201708311556/tools/compiler/bin/../lib/gcc/arm-none-eabi/6.3.1/thumb/v6-m/libgcc.a(_dvmd_tls.o)
 .ARM.attributes
                0x00000000000004f4       0x2c /home/lakotamm/Ac6/SystemWorkbench/plugins/fr.ac6.mcu.externaltools.arm-none.linux64_1.15.0.201708311556/tools/compiler/bin/../lib/gcc/arm-none-eabi/6.3.1/../../../../arm-none-eabi/lib/thumb/v6-m/libc_nano.a(lib_a-init.o)
 .ARM.attributes
                0x0000000000000520       0x1e /home/lakotamm/Ac6/SystemWorkbench/plugins/fr.ac6.mcu.externaltools.arm-none.linux64_1.15.0.201708311556/tools/compiler/bin/../lib/gcc/arm-none-eabi/6.3.1/thumb/v6-m/crtn.o
OUTPUT(F3K_Qi_Battery_manager_SW.elf elf32-littlearm)

.debug_info     0x0000000000000000     0xe75e
 .debug_info    0x0000000000000000      0x8cf Drivers/STM32L0xx_HAL_Driver/Src/stm32l0xx_ll_adc.o
 .debug_info    0x00000000000008cf      0x73d Drivers/STM32L0xx_HAL_Driver/Src/stm32l0xx_ll_gpio.o
 .debug_info    0x000000000000100c      0x916 Drivers/STM32L0xx_HAL_Driver/Src/stm32l0xx_ll_rcc.o
 .debug_info    0x0000000000001922      0xdd3 Drivers/STM32L0xx_HAL_Driver/Src/stm32l0xx_ll_tim.o
 .debug_info    0x00000000000026f5      0x749 Drivers/STM32L0xx_HAL_Driver/Src/stm32l0xx_ll_usart.o
 .debug_info    0x0000000000002e3e      0xa2c Drivers/STM32L0xx_HAL_Driver/Src/stm32l0xx_ll_utils.o
 .debug_info    0x000000000000386a     0x260b Middlewares/Third_Party/FreeRTOS/Source/CMSIS_RTOS/cmsis_os.o
 .debug_info    0x0000000000005e75      0xbd6 Middlewares/Third_Party/FreeRTOS/Source/list.o
 .debug_info    0x0000000000006a4b     0x2651 Middlewares/Third_Party/FreeRTOS/Source/tasks.o
 .debug_info    0x000000000000909c      0x51d Middlewares/Third_Party/FreeRTOS/Source/portable/GCC/ARM_CM0/port.o
 .debug_info    0x00000000000095b9     0x104f Src/adc.o
 .debug_info    0x000000000000a608      0x5f3 Src/dma.o
 .debug_info    0x000000000000abfb      0x587 Src/freertos.o
 .debug_info    0x000000000000b182      0x591 Src/gpio.o
 .debug_info    0x000000000000b713      0x3bd Src/iwdg.o
 .debug_info    0x000000000000bad0      0x6a0 Src/lptim.o
 .debug_info    0x000000000000c170      0xc82 Src/main.o
 .debug_info    0x000000000000cdf2      0x217 Src/stm32l0xx_it.o
 .debug_info    0x000000000000d009      0x389 Src/system_stm32l0xx.o
 .debug_info    0x000000000000d392      0x866 Src/tim.o
 .debug_info    0x000000000000dbf8      0x675 Src/usart.o
 .debug_info    0x000000000000e26d      0x479 Src/wwdg.o
 .debug_info    0x000000000000e6e6       0x78 startup/startup_stm32l011xx.o

.debug_abbrev   0x0000000000000000     0x2bb9
 .debug_abbrev  0x0000000000000000      0x224 Drivers/STM32L0xx_HAL_Driver/Src/stm32l0xx_ll_adc.o
 .debug_abbrev  0x0000000000000224      0x1c7 Drivers/STM32L0xx_HAL_Driver/Src/stm32l0xx_ll_gpio.o
 .debug_abbrev  0x00000000000003eb      0x22f Drivers/STM32L0xx_HAL_Driver/Src/stm32l0xx_ll_rcc.o
 .debug_abbrev  0x000000000000061a      0x272 Drivers/STM32L0xx_HAL_Driver/Src/stm32l0xx_ll_tim.o
 .debug_abbrev  0x000000000000088c      0x266 Drivers/STM32L0xx_HAL_Driver/Src/stm32l0xx_ll_usart.o
 .debug_abbrev  0x0000000000000af2      0x281 Drivers/STM32L0xx_HAL_Driver/Src/stm32l0xx_ll_utils.o
 .debug_abbrev  0x0000000000000d73      0x3c3 Middlewares/Third_Party/FreeRTOS/Source/CMSIS_RTOS/cmsis_os.o
 .debug_abbrev  0x0000000000001136      0x22b Middlewares/Third_Party/FreeRTOS/Source/list.o
 .debug_abbrev  0x0000000000001361      0x363 Middlewares/Third_Party/FreeRTOS/Source/tasks.o
 .debug_abbrev  0x00000000000016c4      0x238 Middlewares/Third_Party/FreeRTOS/Source/portable/GCC/ARM_CM0/port.o
 .debug_abbrev  0x00000000000018fc      0x1f4 Src/adc.o
 .debug_abbrev  0x0000000000001af0      0x1ab Src/dma.o
 .debug_abbrev  0x0000000000001c9b      0x164 Src/freertos.o
 .debug_abbrev  0x0000000000001dff      0x19b Src/gpio.o
 .debug_abbrev  0x0000000000001f9a      0x16e Src/iwdg.o
 .debug_abbrev  0x0000000000002108      0x18e Src/lptim.o
 .debug_abbrev  0x0000000000002296      0x293 Src/main.o
 .debug_abbrev  0x0000000000002529       0xc1 Src/stm32l0xx_it.o
 .debug_abbrev  0x00000000000025ea      0x100 Src/system_stm32l0xx.o
 .debug_abbrev  0x00000000000026ea      0x1ba Src/tim.o
 .debug_abbrev  0x00000000000028a4      0x19b Src/usart.o
 .debug_abbrev  0x0000000000002a3f      0x168 Src/wwdg.o
 .debug_abbrev  0x0000000000002ba7       0x12 startup/startup_stm32l011xx.o

.debug_loc      0x0000000000000000     0x56bc
 .debug_loc     0x0000000000000000      0x392 Drivers/STM32L0xx_HAL_Driver/Src/stm32l0xx_ll_adc.o
 .debug_loc     0x0000000000000392      0x2f7 Drivers/STM32L0xx_HAL_Driver/Src/stm32l0xx_ll_gpio.o
 .debug_loc     0x0000000000000689      0x42b Drivers/STM32L0xx_HAL_Driver/Src/stm32l0xx_ll_rcc.o
 .debug_loc     0x0000000000000ab4      0x9e9 Drivers/STM32L0xx_HAL_Driver/Src/stm32l0xx_ll_tim.o
 .debug_loc     0x000000000000149d      0x3e9 Drivers/STM32L0xx_HAL_Driver/Src/stm32l0xx_ll_usart.o
 .debug_loc     0x0000000000001886      0x68e Drivers/STM32L0xx_HAL_Driver/Src/stm32l0xx_ll_utils.o
 .debug_loc     0x0000000000001f14     0x108a Middlewares/Third_Party/FreeRTOS/Source/CMSIS_RTOS/cmsis_os.o
 .debug_loc     0x0000000000002f9e       0x70 Middlewares/Third_Party/FreeRTOS/Source/list.o
 .debug_loc     0x000000000000300e     0x182a Middlewares/Third_Party/FreeRTOS/Source/tasks.o
 .debug_loc     0x0000000000004838      0x147 Middlewares/Third_Party/FreeRTOS/Source/portable/GCC/ARM_CM0/port.o
 .debug_loc     0x000000000000497f      0x4b4 Src/adc.o
 .debug_loc     0x0000000000004e33       0x50 Src/dma.o
 .debug_loc     0x0000000000004e83       0x21 Src/freertos.o
 .debug_loc     0x0000000000004ea4       0x98 Src/gpio.o
 .debug_loc     0x0000000000004f3c       0xba Src/iwdg.o
 .debug_loc     0x0000000000004ff6      0x10b Src/lptim.o
 .debug_loc     0x0000000000005101      0x1da Src/main.o
 .debug_loc     0x00000000000052db      0x1cf Src/system_stm32l0xx.o
 .debug_loc     0x00000000000054aa      0x100 Src/tim.o
 .debug_loc     0x00000000000055aa       0x5e Src/usart.o
 .debug_loc     0x0000000000005608       0xb4 Src/wwdg.o

.debug_aranges  0x0000000000000000      0x888
 .debug_aranges
                0x0000000000000000       0x58 Drivers/STM32L0xx_HAL_Driver/Src/stm32l0xx_ll_adc.o
 .debug_aranges
                0x0000000000000058       0x30 Drivers/STM32L0xx_HAL_Driver/Src/stm32l0xx_ll_gpio.o
 .debug_aranges
                0x0000000000000088       0x70 Drivers/STM32L0xx_HAL_Driver/Src/stm32l0xx_ll_rcc.o
 .debug_aranges
                0x00000000000000f8       0xa0 Drivers/STM32L0xx_HAL_Driver/Src/stm32l0xx_ll_tim.o
 .debug_aranges
                0x0000000000000198       0x40 Drivers/STM32L0xx_HAL_Driver/Src/stm32l0xx_ll_usart.o
 .debug_aranges
                0x00000000000001d8       0x60 Drivers/STM32L0xx_HAL_Driver/Src/stm32l0xx_ll_utils.o
 .debug_aranges
                0x0000000000000238      0x1d8 Middlewares/Third_Party/FreeRTOS/Source/CMSIS_RTOS/cmsis_os.o
 .debug_aranges
                0x0000000000000410       0x40 Middlewares/Third_Party/FreeRTOS/Source/list.o
 .debug_aranges
                0x0000000000000450      0x1a0 Middlewares/Third_Party/FreeRTOS/Source/tasks.o
 .debug_aranges
                0x00000000000005f0       0x90 Middlewares/Third_Party/FreeRTOS/Source/portable/GCC/ARM_CM0/port.o
 .debug_aranges
                0x0000000000000680       0x20 Src/adc.o
 .debug_aranges
                0x00000000000006a0       0x20 Src/dma.o
 .debug_aranges
                0x00000000000006c0       0x40 Src/freertos.o
 .debug_aranges
                0x0000000000000700       0x20 Src/gpio.o
 .debug_aranges
                0x0000000000000720       0x20 Src/iwdg.o
 .debug_aranges
                0x0000000000000740       0x20 Src/lptim.o
 .debug_aranges
                0x0000000000000760       0x38 Src/main.o
 .debug_aranges
                0x0000000000000798       0x40 Src/stm32l0xx_it.o
 .debug_aranges
                0x00000000000007d8       0x28 Src/system_stm32l0xx.o
 .debug_aranges
                0x0000000000000800       0x20 Src/tim.o
 .debug_aranges
                0x0000000000000820       0x20 Src/usart.o
 .debug_aranges
                0x0000000000000840       0x20 Src/wwdg.o
 .debug_aranges
                0x0000000000000860       0x28 startup/startup_stm32l011xx.o

.debug_ranges   0x0000000000000000      0x7f0
 .debug_ranges  0x0000000000000000       0x48 Drivers/STM32L0xx_HAL_Driver/Src/stm32l0xx_ll_adc.o
 .debug_ranges  0x0000000000000048       0x20 Drivers/STM32L0xx_HAL_Driver/Src/stm32l0xx_ll_gpio.o
 .debug_ranges  0x0000000000000068       0x60 Drivers/STM32L0xx_HAL_Driver/Src/stm32l0xx_ll_rcc.o
 .debug_ranges  0x00000000000000c8       0x90 Drivers/STM32L0xx_HAL_Driver/Src/stm32l0xx_ll_tim.o
 .debug_ranges  0x0000000000000158       0x48 Drivers/STM32L0xx_HAL_Driver/Src/stm32l0xx_ll_usart.o
 .debug_ranges  0x00000000000001a0       0x50 Drivers/STM32L0xx_HAL_Driver/Src/stm32l0xx_ll_utils.o
 .debug_ranges  0x00000000000001f0      0x1c8 Middlewares/Third_Party/FreeRTOS/Source/CMSIS_RTOS/cmsis_os.o
 .debug_ranges  0x00000000000003b8       0x30 Middlewares/Third_Party/FreeRTOS/Source/list.o
 .debug_ranges  0x00000000000003e8      0x248 Middlewares/Third_Party/FreeRTOS/Source/tasks.o
 .debug_ranges  0x0000000000000630       0x80 Middlewares/Third_Party/FreeRTOS/Source/portable/GCC/ARM_CM0/port.o
 .debug_ranges  0x00000000000006b0       0x10 Src/adc.o
 .debug_ranges  0x00000000000006c0       0x10 Src/dma.o
 .debug_ranges  0x00000000000006d0       0x30 Src/freertos.o
 .debug_ranges  0x0000000000000700       0x10 Src/gpio.o
 .debug_ranges  0x0000000000000710       0x10 Src/iwdg.o
 .debug_ranges  0x0000000000000720       0x10 Src/lptim.o
 .debug_ranges  0x0000000000000730       0x28 Src/main.o
 .debug_ranges  0x0000000000000758       0x30 Src/stm32l0xx_it.o
 .debug_ranges  0x0000000000000788       0x18 Src/system_stm32l0xx.o
 .debug_ranges  0x00000000000007a0       0x10 Src/tim.o
 .debug_ranges  0x00000000000007b0       0x10 Src/usart.o
 .debug_ranges  0x00000000000007c0       0x10 Src/wwdg.o
 .debug_ranges  0x00000000000007d0       0x20 startup/startup_stm32l011xx.o

.debug_macro    0x0000000000000000     0xfa59
 .debug_macro   0x0000000000000000      0x137 Drivers/STM32L0xx_HAL_Driver/Src/stm32l0xx_ll_adc.o
 .debug_macro   0x0000000000000137      0x8aa Drivers/STM32L0xx_HAL_Driver/Src/stm32l0xx_ll_adc.o
 .debug_macro   0x00000000000009e1       0x2e Drivers/STM32L0xx_HAL_Driver/Src/stm32l0xx_ll_adc.o
 .debug_macro   0x0000000000000a0f       0x28 Drivers/STM32L0xx_HAL_Driver/Src/stm32l0xx_ll_adc.o
 .debug_macro   0x0000000000000a37       0x22 Drivers/STM32L0xx_HAL_Driver/Src/stm32l0xx_ll_adc.o
 .debug_macro   0x0000000000000a59       0x87 Drivers/STM32L0xx_HAL_Driver/Src/stm32l0xx_ll_adc.o
 .debug_macro   0x0000000000000ae0       0x51 Drivers/STM32L0xx_HAL_Driver/Src/stm32l0xx_ll_adc.o
 .debug_macro   0x0000000000000b31       0xef Drivers/STM32L0xx_HAL_Driver/Src/stm32l0xx_ll_adc.o
 .debug_macro   0x0000000000000c20       0x6a Drivers/STM32L0xx_HAL_Driver/Src/stm32l0xx_ll_adc.o
 .debug_macro   0x0000000000000c8a      0x1df Drivers/STM32L0xx_HAL_Driver/Src/stm32l0xx_ll_adc.o
 .debug_macro   0x0000000000000e69       0x34 Drivers/STM32L0xx_HAL_Driver/Src/stm32l0xx_ll_adc.o
 .debug_macro   0x0000000000000e9d       0x26 Drivers/STM32L0xx_HAL_Driver/Src/stm32l0xx_ll_adc.o
 .debug_macro   0x0000000000000ec3      0x329 Drivers/STM32L0xx_HAL_Driver/Src/stm32l0xx_ll_adc.o
 .debug_macro   0x00000000000011ec     0x7b8e Drivers/STM32L0xx_HAL_Driver/Src/stm32l0xx_ll_adc.o
 .debug_macro   0x0000000000008d7a       0x3c Drivers/STM32L0xx_HAL_Driver/Src/stm32l0xx_ll_adc.o
 .debug_macro   0x0000000000008db6      0x6be Drivers/STM32L0xx_HAL_Driver/Src/stm32l0xx_ll_adc.o
 .debug_macro   0x0000000000009474       0xaa Drivers/STM32L0xx_HAL_Driver/Src/stm32l0xx_ll_adc.o
 .debug_macro   0x000000000000951e       0xff Drivers/STM32L0xx_HAL_Driver/Src/stm32l0xx_ll_gpio.o
 .debug_macro   0x000000000000961d      0x134 Drivers/STM32L0xx_HAL_Driver/Src/stm32l0xx_ll_gpio.o
 .debug_macro   0x0000000000009751       0xea Drivers/STM32L0xx_HAL_Driver/Src/stm32l0xx_ll_rcc.o
 .debug_macro   0x000000000000983b      0x406 Drivers/STM32L0xx_HAL_Driver/Src/stm32l0xx_ll_rcc.o
 .debug_macro   0x0000000000009c41      0x11d Drivers/STM32L0xx_HAL_Driver/Src/stm32l0xx_ll_tim.o
 .debug_macro   0x0000000000009d5e      0x57e Drivers/STM32L0xx_HAL_Driver/Src/stm32l0xx_ll_tim.o
 .debug_macro   0x000000000000a2dc      0x126 Drivers/STM32L0xx_HAL_Driver/Src/stm32l0xx_ll_usart.o
 .debug_macro   0x000000000000a402      0x32a Drivers/STM32L0xx_HAL_Driver/Src/stm32l0xx_ll_usart.o
 .debug_macro   0x000000000000a72c      0x40c Drivers/STM32L0xx_HAL_Driver/Src/stm32l0xx_ll_usart.o
 .debug_macro   0x000000000000ab38      0x166 Drivers/STM32L0xx_HAL_Driver/Src/stm32l0xx_ll_utils.o
 .debug_macro   0x000000000000ac9e       0x2a Drivers/STM32L0xx_HAL_Driver/Src/stm32l0xx_ll_utils.o
 .debug_macro   0x000000000000acc8      0x146 Drivers/STM32L0xx_HAL_Driver/Src/stm32l0xx_ll_utils.o
 .debug_macro   0x000000000000ae0e       0xdf Drivers/STM32L0xx_HAL_Driver/Src/stm32l0xx_ll_utils.o
 .debug_macro   0x000000000000aeed      0x2df Middlewares/Third_Party/FreeRTOS/Source/CMSIS_RTOS/cmsis_os.o
 .debug_macro   0x000000000000b1cc       0x52 Middlewares/Third_Party/FreeRTOS/Source/CMSIS_RTOS/cmsis_os.o
 .debug_macro   0x000000000000b21e       0x8d Middlewares/Third_Party/FreeRTOS/Source/CMSIS_RTOS/cmsis_os.o
 .debug_macro   0x000000000000b2ab       0x35 Middlewares/Third_Party/FreeRTOS/Source/CMSIS_RTOS/cmsis_os.o
 .debug_macro   0x000000000000b2e0       0x9c Middlewares/Third_Party/FreeRTOS/Source/CMSIS_RTOS/cmsis_os.o
 .debug_macro   0x000000000000b37c      0x174 Middlewares/Third_Party/FreeRTOS/Source/CMSIS_RTOS/cmsis_os.o
 .debug_macro   0x000000000000b4f0       0x57 Middlewares/Third_Party/FreeRTOS/Source/CMSIS_RTOS/cmsis_os.o
 .debug_macro   0x000000000000b547       0x58 Middlewares/Third_Party/FreeRTOS/Source/CMSIS_RTOS/cmsis_os.o
 .debug_macro   0x000000000000b59f       0x1f Middlewares/Third_Party/FreeRTOS/Source/CMSIS_RTOS/cmsis_os.o
 .debug_macro   0x000000000000b5be       0x43 Middlewares/Third_Party/FreeRTOS/Source/CMSIS_RTOS/cmsis_os.o
 .debug_macro   0x000000000000b601       0x20 Middlewares/Third_Party/FreeRTOS/Source/CMSIS_RTOS/cmsis_os.o
 .debug_macro   0x000000000000b621      0x187 Middlewares/Third_Party/FreeRTOS/Source/CMSIS_RTOS/cmsis_os.o
 .debug_macro   0x000000000000b7a8      0x330 Middlewares/Third_Party/FreeRTOS/Source/CMSIS_RTOS/cmsis_os.o
 .debug_macro   0x000000000000bad8       0x10 Middlewares/Third_Party/FreeRTOS/Source/CMSIS_RTOS/cmsis_os.o
 .debug_macro   0x000000000000bae8       0x35 Middlewares/Third_Party/FreeRTOS/Source/CMSIS_RTOS/cmsis_os.o
 .debug_macro   0x000000000000bb1d       0x3a Middlewares/Third_Party/FreeRTOS/Source/CMSIS_RTOS/cmsis_os.o
 .debug_macro   0x000000000000bb57      0x285 Middlewares/Third_Party/FreeRTOS/Source/CMSIS_RTOS/cmsis_os.o
 .debug_macro   0x000000000000bddc       0x6c Middlewares/Third_Party/FreeRTOS/Source/CMSIS_RTOS/cmsis_os.o
 .debug_macro   0x000000000000be48      0x1ae Middlewares/Third_Party/FreeRTOS/Source/CMSIS_RTOS/cmsis_os.o
 .debug_macro   0x000000000000bff6      0x10e Middlewares/Third_Party/FreeRTOS/Source/CMSIS_RTOS/cmsis_os.o
 .debug_macro   0x000000000000c104       0x16 Middlewares/Third_Party/FreeRTOS/Source/CMSIS_RTOS/cmsis_os.o
 .debug_macro   0x000000000000c11a      0x584 Middlewares/Third_Party/FreeRTOS/Source/CMSIS_RTOS/cmsis_os.o
 .debug_macro   0x000000000000c69e      0x330 Middlewares/Third_Party/FreeRTOS/Source/CMSIS_RTOS/cmsis_os.o
 .debug_macro   0x000000000000c9ce       0x34 Middlewares/Third_Party/FreeRTOS/Source/CMSIS_RTOS/cmsis_os.o
 .debug_macro   0x000000000000ca02      0x13a Middlewares/Third_Party/FreeRTOS/Source/CMSIS_RTOS/cmsis_os.o
 .debug_macro   0x000000000000cb3c       0xa1 Middlewares/Third_Party/FreeRTOS/Source/CMSIS_RTOS/cmsis_os.o
 .debug_macro   0x000000000000cbdd       0xda Middlewares/Third_Party/FreeRTOS/Source/CMSIS_RTOS/cmsis_os.o
 .debug_macro   0x000000000000ccb7      0x168 Middlewares/Third_Party/FreeRTOS/Source/CMSIS_RTOS/cmsis_os.o
 .debug_macro   0x000000000000ce1f       0xb6 Middlewares/Third_Party/FreeRTOS/Source/CMSIS_RTOS/cmsis_os.o
 .debug_macro   0x000000000000ced5       0x10 Middlewares/Third_Party/FreeRTOS/Source/CMSIS_RTOS/cmsis_os.o
 .debug_macro   0x000000000000cee5       0x1f Middlewares/Third_Party/FreeRTOS/Source/CMSIS_RTOS/cmsis_os.o
 .debug_macro   0x000000000000cf04      0x408 Middlewares/Third_Party/FreeRTOS/Source/CMSIS_RTOS/cmsis_os.o
 .debug_macro   0x000000000000d30c       0xc0 Middlewares/Third_Party/FreeRTOS/Source/CMSIS_RTOS/cmsis_os.o
 .debug_macro   0x000000000000d3cc       0x8c Middlewares/Third_Party/FreeRTOS/Source/CMSIS_RTOS/cmsis_os.o
 .debug_macro   0x000000000000d458       0x91 Middlewares/Third_Party/FreeRTOS/Source/CMSIS_RTOS/cmsis_os.o
 .debug_macro   0x000000000000d4e9       0x94 Middlewares/Third_Party/FreeRTOS/Source/CMSIS_RTOS/cmsis_os.o
 .debug_macro   0x000000000000d57d       0x5c Middlewares/Third_Party/FreeRTOS/Source/CMSIS_RTOS/cmsis_os.o
 .debug_macro   0x000000000000d5d9       0x19 Middlewares/Third_Party/FreeRTOS/Source/CMSIS_RTOS/cmsis_os.o
 .debug_macro   0x000000000000d5f2       0xf2 Middlewares/Third_Party/FreeRTOS/Source/CMSIS_RTOS/cmsis_os.o
 .debug_macro   0x000000000000d6e4      0x27c Middlewares/Third_Party/FreeRTOS/Source/list.o
 .debug_macro   0x000000000000d960      0x362 Middlewares/Third_Party/FreeRTOS/Source/tasks.o
 .debug_macro   0x000000000000dcc2       0x11 Middlewares/Third_Party/FreeRTOS/Source/tasks.o
 .debug_macro   0x000000000000dcd3      0x23d Middlewares/Third_Party/FreeRTOS/Source/portable/GCC/ARM_CM0/port.o
 .debug_macro   0x000000000000df10      0x181 Src/adc.o
 .debug_macro   0x000000000000e091      0x16d Src/dma.o
 .debug_macro   0x000000000000e1fe      0x6c4 Src/dma.o
 .debug_macro   0x000000000000e8c2      0x21c Src/freertos.o
 .debug_macro   0x000000000000eade      0x167 Src/gpio.o
 .debug_macro   0x000000000000ec45      0x16d Src/iwdg.o
 .debug_macro   0x000000000000edb2       0x66 Src/iwdg.o
 .debug_macro   0x000000000000ee18      0x177 Src/lptim.o
 .debug_macro   0x000000000000ef8f      0x276 Src/main.o
 .debug_macro   0x000000000000f205      0x220 Src/stm32l0xx_it.o
 .debug_macro   0x000000000000f425       0xe0 Src/stm32l0xx_it.o
 .debug_macro   0x000000000000f505       0xd5 Src/system_stm32l0xx.o
 .debug_macro   0x000000000000f5da      0x16d Src/tim.o
 .debug_macro   0x000000000000f747      0x177 Src/usart.o
 .debug_macro   0x000000000000f8be      0x16d Src/wwdg.o
 .debug_macro   0x000000000000fa2b       0x2e Src/wwdg.o

.debug_line     0x0000000000000000     0xa842
 .debug_line    0x0000000000000000      0x600 Drivers/STM32L0xx_HAL_Driver/Src/stm32l0xx_ll_adc.o
 .debug_line    0x0000000000000600      0x555 Drivers/STM32L0xx_HAL_Driver/Src/stm32l0xx_ll_gpio.o
 .debug_line    0x0000000000000b55      0x6dd Drivers/STM32L0xx_HAL_Driver/Src/stm32l0xx_ll_rcc.o
 .debug_line    0x0000000000001232      0x6e7 Drivers/STM32L0xx_HAL_Driver/Src/stm32l0xx_ll_tim.o
 .debug_line    0x0000000000001919      0x5a1 Drivers/STM32L0xx_HAL_Driver/Src/stm32l0xx_ll_usart.o
 .debug_line    0x0000000000001eba      0x6b2 Drivers/STM32L0xx_HAL_Driver/Src/stm32l0xx_ll_utils.o
 .debug_line    0x000000000000256c      0xe2f Middlewares/Third_Party/FreeRTOS/Source/CMSIS_RTOS/cmsis_os.o
 .debug_line    0x000000000000339b      0x886 Middlewares/Third_Party/FreeRTOS/Source/list.o
 .debug_line    0x0000000000003c21     0x11a4 Middlewares/Third_Party/FreeRTOS/Source/tasks.o
 .debug_line    0x0000000000004dc5      0x905 Middlewares/Third_Party/FreeRTOS/Source/portable/GCC/ARM_CM0/port.o
 .debug_line    0x00000000000056ca      0x6ad Src/adc.o
 .debug_line    0x0000000000005d77      0x626 Src/dma.o
 .debug_line    0x000000000000639d      0x861 Src/freertos.o
 .debug_line    0x0000000000006bfe      0x63e Src/gpio.o
 .debug_line    0x000000000000723c      0x63f Src/iwdg.o
 .debug_line    0x000000000000787b      0x64e Src/lptim.o
 .debug_line    0x0000000000007ec9      0x957 Src/main.o
 .debug_line    0x0000000000008820      0x86a Src/stm32l0xx_it.o
 .debug_line    0x000000000000908a      0x453 Src/system_stm32l0xx.o
 .debug_line    0x00000000000094dd      0x64f Src/tim.o
 .debug_line    0x0000000000009b2c      0x653 Src/usart.o
 .debug_line    0x000000000000a17f      0x62c Src/wwdg.o
 .debug_line    0x000000000000a7ab       0x97 startup/startup_stm32l011xx.o

.debug_str      0x0000000000000000    0x4c526
 .debug_str     0x0000000000000000    0x34535 Drivers/STM32L0xx_HAL_Driver/Src/stm32l0xx_ll_adc.o
                                      0x3474e (size before relaxing)
 .debug_str     0x0000000000034535      0xd7d Drivers/STM32L0xx_HAL_Driver/Src/stm32l0xx_ll_gpio.o
                                      0x2fe2c (size before relaxing)
 .debug_str     0x00000000000352b2     0x201c Drivers/STM32L0xx_HAL_Driver/Src/stm32l0xx_ll_rcc.o
                                      0x30c6c (size before relaxing)
 .debug_str     0x00000000000372ce     0x3dd1 Drivers/STM32L0xx_HAL_Driver/Src/stm32l0xx_ll_tim.o
                                      0x32ee6 (size before relaxing)
 .debug_str     0x000000000003b09f     0x1b7f Drivers/STM32L0xx_HAL_Driver/Src/stm32l0xx_ll_usart.o
                                      0x32744 (size before relaxing)
 .debug_str     0x000000000003cc1e     0x1d30 Drivers/STM32L0xx_HAL_Driver/Src/stm32l0xx_ll_utils.o
                                      0x324ae (size before relaxing)
 .debug_str     0x000000000003e94e     0xb8e2 Middlewares/Third_Party/FreeRTOS/Source/CMSIS_RTOS/cmsis_os.o
                                      0x465b8 (size before relaxing)
 .debug_str     0x000000000004a230      0x225 Middlewares/Third_Party/FreeRTOS/Source/list.o
                                      0x434d0 (size before relaxing)
 .debug_str     0x000000000004a455     0x1146 Middlewares/Third_Party/FreeRTOS/Source/tasks.o
                                      0x4566b (size before relaxing)
 .debug_str     0x000000000004b59b      0x4ad Middlewares/Third_Party/FreeRTOS/Source/portable/GCC/ARM_CM0/port.o
                                      0x412d5 (size before relaxing)
 .debug_str     0x000000000004ba48      0x45f Src/adc.o
                                      0x3dd65 (size before relaxing)
 .debug_str     0x000000000004bea7       0x32 Src/dma.o
                                      0x3d8dd (size before relaxing)
 .debug_str     0x000000000004bed9       0xe9 Src/freertos.o
                                      0x42f36 (size before relaxing)
 .debug_str     0x000000000004bfc2       0x4a Src/gpio.o
                                      0x3d789 (size before relaxing)
 .debug_str     0x000000000004c00c       0xcc Src/iwdg.o
                                      0x3d6dd (size before relaxing)
 .debug_str     0x000000000004c0d8       0xd2 Src/lptim.o
                                      0x3d840 (size before relaxing)
 .debug_str     0x000000000004c1aa      0x107 Src/main.o
                                      0x4325e (size before relaxing)
 .debug_str     0x000000000004c2b1       0x84 Src/stm32l0xx_it.o
                                      0x42c73 (size before relaxing)
 .debug_str     0x000000000004c335       0x87 Src/system_stm32l0xx.o
                                      0x2ed01 (size before relaxing)
 .debug_str     0x000000000004c3bc       0xaa Src/tim.o
                                      0x3d93e (size before relaxing)
 .debug_str     0x000000000004c466       0x56 Src/usart.o
                                      0x3d868 (size before relaxing)
 .debug_str     0x000000000004c4bc       0x6a Src/wwdg.o
                                      0x3d752 (size before relaxing)

.comment        0x0000000000000000       0x7f
 .comment       0x0000000000000000       0x7f Drivers/STM32L0xx_HAL_Driver/Src/stm32l0xx_ll_adc.o
                                         0x80 (size before relaxing)
 .comment       0x000000000000007f       0x80 Drivers/STM32L0xx_HAL_Driver/Src/stm32l0xx_ll_gpio.o
 .comment       0x000000000000007f       0x80 Drivers/STM32L0xx_HAL_Driver/Src/stm32l0xx_ll_rcc.o
 .comment       0x000000000000007f       0x80 Drivers/STM32L0xx_HAL_Driver/Src/stm32l0xx_ll_tim.o
 .comment       0x000000000000007f       0x80 Drivers/STM32L0xx_HAL_Driver/Src/stm32l0xx_ll_usart.o
 .comment       0x000000000000007f       0x80 Drivers/STM32L0xx_HAL_Driver/Src/stm32l0xx_ll_utils.o
 .comment       0x000000000000007f       0x80 Middlewares/Third_Party/FreeRTOS/Source/CMSIS_RTOS/cmsis_os.o
 .comment       0x000000000000007f       0x80 Middlewares/Third_Party/FreeRTOS/Source/list.o
 .comment       0x000000000000007f       0x80 Middlewares/Third_Party/FreeRTOS/Source/tasks.o
 .comment       0x000000000000007f       0x80 Middlewares/Third_Party/FreeRTOS/Source/portable/GCC/ARM_CM0/port.o
 .comment       0x000000000000007f       0x80 Src/adc.o
 .comment       0x000000000000007f       0x80 Src/dma.o
 .comment       0x000000000000007f       0x80 Src/freertos.o
 .comment       0x000000000000007f       0x80 Src/gpio.o
 .comment       0x000000000000007f       0x80 Src/iwdg.o
 .comment       0x000000000000007f       0x80 Src/lptim.o
 .comment       0x000000000000007f       0x80 Src/main.o
 .comment       0x000000000000007f       0x80 Src/stm32l0xx_it.o
 .comment       0x000000000000007f       0x80 Src/system_stm32l0xx.o
 .comment       0x000000000000007f       0x80 Src/tim.o
 .comment       0x000000000000007f       0x80 Src/usart.o
 .comment       0x000000000000007f       0x80 Src/wwdg.o

.debug_frame    0x0000000000000000     0x1368
 .debug_frame   0x0000000000000000       0xac Drivers/STM32L0xx_HAL_Driver/Src/stm32l0xx_ll_adc.o
 .debug_frame   0x00000000000000ac       0x50 Drivers/STM32L0xx_HAL_Driver/Src/stm32l0xx_ll_gpio.o
 .debug_frame   0x00000000000000fc       0xf8 Drivers/STM32L0xx_HAL_Driver/Src/stm32l0xx_ll_rcc.o
 .debug_frame   0x00000000000001f4      0x194 Drivers/STM32L0xx_HAL_Driver/Src/stm32l0xx_ll_tim.o
 .debug_frame   0x0000000000000388       0x74 Drivers/STM32L0xx_HAL_Driver/Src/stm32l0xx_ll_usart.o
 .debug_frame   0x00000000000003fc       0xdc Drivers/STM32L0xx_HAL_Driver/Src/stm32l0xx_ll_utils.o
 .debug_frame   0x00000000000004d8      0x524 Middlewares/Third_Party/FreeRTOS/Source/CMSIS_RTOS/cmsis_os.o
 .debug_frame   0x00000000000009fc       0x6c Middlewares/Third_Party/FreeRTOS/Source/list.o
 .debug_frame   0x0000000000000a68      0x4a4 Middlewares/Third_Party/FreeRTOS/Source/tasks.o
 .debug_frame   0x0000000000000f0c      0x134 Middlewares/Third_Party/FreeRTOS/Source/portable/GCC/ARM_CM0/port.o
 .debug_frame   0x0000000000001040       0x38 Src/adc.o
 .debug_frame   0x0000000000001078       0x24 Src/dma.o
 .debug_frame   0x000000000000109c       0x74 Src/freertos.o
 .debug_frame   0x0000000000001110       0x30 Src/gpio.o
 .debug_frame   0x0000000000001140       0x20 Src/iwdg.o
 .debug_frame   0x0000000000001160       0x2c Src/lptim.o
 .debug_frame   0x000000000000118c       0x64 Src/main.o
 .debug_frame   0x00000000000011f0       0x68 Src/stm32l0xx_it.o
 .debug_frame   0x0000000000001258       0x38 Src/system_stm32l0xx.o
 .debug_frame   0x0000000000001290       0x30 Src/tim.o
 .debug_frame   0x00000000000012c0       0x30 Src/usart.o
 .debug_frame   0x00000000000012f0       0x2c Src/wwdg.o
 .debug_frame   0x000000000000131c       0x20 /home/lakotamm/Ac6/SystemWorkbench/plugins/fr.ac6.mcu.externaltools.arm-none.linux64_1.15.0.201708311556/tools/compiler/bin/../lib/gcc/arm-none-eabi/6.3.1/thumb/v6-m/libgcc.a(_udivsi3.o)
 .debug_frame   0x000000000000133c       0x2c /home/lakotamm/Ac6/SystemWorkbench/plugins/fr.ac6.mcu.externaltools.arm-none.linux64_1.15.0.201708311556/tools/compiler/bin/../lib/gcc/arm-none-eabi/6.3.1/../../../../arm-none-eabi/lib/thumb/v6-m/libc_nano.a(lib_a-init.o)
